// Jest Snapshot v1, https://goo.gl/fbAQLP

exports[`ColorCiclre render 1`] = `"<div class=\\"makeStyles-root-1\\" style=\\"width: 15px; height: 15px; background-color: rgb(0, 0, 0);\\"></div>"`;
