// Jest Snapshot v1, https://goo.gl/fbAQLP

exports[`LayoutContainer render 1`] = `
"<div class=\\"makeStyles-root-1\\">
  <header class=\\"MuiPaper-root MuiAppBar-root MuiAppBar-positionRelative MuiAppBar-colorPrimary makeStyles-root-2 MuiPaper-elevation4\\">
    <div class=\\"MuiToolbar-root MuiToolbar-regular MuiToolbar-gutters\\"><button class=\\"MuiButtonBase-root MuiIconButton-root makeStyles-menuButton-3 MuiIconButton-colorInherit MuiIconButton-edgeStart\\" tabindex=\\"0\\" type=\\"button\\" aria-label=\\"menu\\"><span class=\\"MuiIconButton-label\\"><svg class=\\"MuiSvgIcon-root\\" focusable=\\"false\\" viewBox=\\"0 0 24 24\\" aria-hidden=\\"true\\"><path d=\\"M3 18h18v-2H3v2zm0-5h18v-2H3v2zm0-7v2h18V6H3z\\"></path></svg></span><span class=\\"MuiTouchRipple-root\\"></span></button>
      <h6 class=\\"MuiTypography-root makeStyles-title-4 MuiTypography-h6\\">CarShare</h6><button class=\\"MuiButtonBase-root MuiIconButton-root MuiIconButton-colorInherit\\" tabindex=\\"0\\" type=\\"button\\" aria-label=\\"change theme\\"><span class=\\"MuiIconButton-label\\"><svg class=\\"MuiSvgIcon-root\\" focusable=\\"false\\" viewBox=\\"0 0 24 24\\" aria-hidden=\\"true\\"><path d=\\"M20 8.69V4h-4.69L12 .69 8.69 4H4v4.69L.69 12 4 15.31V20h4.69L12 23.31 15.31 20H20v-4.69L23.31 12 20 8.69zM12 18c-.89 0-1.74-.2-2.5-.55C11.56 16.5 13 14.42 13 12s-1.44-4.5-3.5-5.45C10.26 6.2 11.11 6 12 6c3.31 0 6 2.69 6 6s-2.69 6-6 6z\\"></path></svg></span><span class=\\"MuiTouchRipple-root\\"></span></button>
    </div>
  </header>
  <div class=\\"MuiContainer-root MuiContainer-maxWidthLg\\">
    <div class=\\"MuiGrid-root MuiGrid-container\\">
      <div class=\\"MuiGrid-root MuiGrid-item MuiGrid-grid-xs-12 MuiGrid-grid-sm-12\\">test content</div>
    </div>
  </div>
  <footer class=\\"makeStyles-root-12\\">
    <hr class=\\"MuiDivider-root\\">
    <div class=\\"MuiContainer-root makeStyles-container-13 MuiContainer-maxWidthLg\\">
      <p class=\\"MuiTypography-root MuiTypography-body1 MuiTypography-alignRight\\">CarShare Â© 2021</p>
    </div>
  </footer>
</div>"
`;
