// Jest Snapshot v1, https://goo.gl/fbAQLP

exports[`SideMenu drawer should be open 1`] = `
"<div class=\\"MuiBackdrop-root\\" aria-hidden=\\"true\\" style=\\"opacity: 1; webkit-transition: opacity 225ms cubic-bezier(0.4, 0, 0.2, 1) 0ms; transition: opacity 225ms cubic-bezier(0.4, 0, 0.2, 1) 0ms;\\"></div>
<div tabindex=\\"0\\" data-test=\\"sentinelStart\\"></div>
<div class=\\"MuiPaper-root MuiDrawer-paper makeStyles-drawerPaper-8 MuiDrawer-paperAnchorLeft MuiPaper-elevation16\\" tabindex=\\"-1\\">
  <nav>
    <ul class=\\"MuiList-root MuiList-padding\\" role=\\"menu\\" tabindex=\\"-1\\">
      <li class=\\"MuiButtonBase-root MuiListItem-root MuiMenuItem-root makeStyles-menuItem-10 MuiMenuItem-gutters MuiListItem-gutters MuiListItem-button\\" tabindex=\\"0\\" role=\\"menuitem\\" aria-disabled=\\"false\\"><a aria-current=\\"page\\" class=\\"MuiTypography-root MuiLink-root MuiLink-underlineHover makeStyles-link-11 MuiTypography-colorPrimary makeStyles-activeLink-12\\" href=\\"/\\">
          <div class=\\"MuiListItemIcon-root\\"><svg class=\\"MuiSvgIcon-root\\" focusable=\\"false\\" viewBox=\\"0 0 24 24\\" aria-hidden=\\"true\\">
              <path d=\\"M3 13h8V3H3v10zm0 8h8v-6H3v6zm10 0h8V11h-8v10zm0-18v6h8V3h-8z\\"></path>
            </svg></div><span class=\\"MuiTypography-root\\">Главная панель</span>
        </a><span class=\\"MuiTouchRipple-root\\"></span></li>
      <li class=\\"MuiButtonBase-root MuiListItem-root MuiMenuItem-root makeStyles-menuItem-10 MuiMenuItem-gutters MuiListItem-gutters MuiListItem-button\\" tabindex=\\"-1\\" role=\\"menuitem\\" aria-disabled=\\"false\\"><a class=\\"MuiTypography-root MuiLink-root MuiLink-underlineHover makeStyles-link-11 MuiTypography-colorPrimary\\" href=\\"/cars\\">
          <div class=\\"MuiListItemIcon-root\\"><svg class=\\"MuiSvgIcon-root\\" focusable=\\"false\\" viewBox=\\"0 0 24 24\\" aria-hidden=\\"true\\">
              <path d=\\"M4 14h4v-4H4v4zm0 5h4v-4H4v4zM4 9h4V5H4v4zm5 5h12v-4H9v4zm0 5h12v-4H9v4zM9 5v4h12V5H9z\\"></path>
            </svg></div><span class=\\"MuiTypography-root\\">Автомобили</span>
        </a><span class=\\"MuiTouchRipple-root\\"></span></li>
      <li class=\\"MuiButtonBase-root MuiListItem-root MuiMenuItem-root makeStyles-menuItem-10 MuiMenuItem-gutters MuiListItem-gutters MuiListItem-button\\" tabindex=\\"-1\\" role=\\"menuitem\\" aria-disabled=\\"false\\"><a class=\\"MuiTypography-root MuiLink-root MuiLink-underlineHover makeStyles-link-11 MuiTypography-colorPrimary\\" href=\\"/maps\\">
          <div class=\\"MuiListItemIcon-root\\"><svg class=\\"MuiSvgIcon-root\\" focusable=\\"false\\" viewBox=\\"0 0 24 24\\" aria-hidden=\\"true\\">
              <path d=\\"M20.5 3l-.16.03L15 5.1 9 3 3.36 4.9c-.21.07-.36.25-.36.48V20.5c0 .28.22.5.5.5l.16-.03L9 18.9l6 2.1 5.64-1.9c.21-.07.36-.25.36-.48V3.5c0-.28-.22-.5-.5-.5zM15 19l-6-2.11V5l6 2.11V19z\\"></path>
            </svg></div><span class=\\"MuiTypography-root\\">Карта</span>
        </a><span class=\\"MuiTouchRipple-root\\"></span></li>
      <li class=\\"MuiButtonBase-root MuiListItem-root MuiMenuItem-root makeStyles-menuItem-10 MuiMenuItem-gutters MuiListItem-gutters MuiListItem-button\\" tabindex=\\"-1\\" role=\\"menuitem\\" aria-disabled=\\"false\\"><a class=\\"MuiTypography-root MuiLink-root MuiLink-underlineHover makeStyles-link-11 MuiTypography-colorPrimary\\" href=\\"/reviews\\">
          <div class=\\"MuiListItemIcon-root\\"><svg class=\\"MuiSvgIcon-root\\" focusable=\\"false\\" viewBox=\\"0 0 24 24\\" aria-hidden=\\"true\\">
              <path d=\\"M15.73 3H8.27L3 8.27v7.46L8.27 21h7.46L21 15.73V8.27L15.73 3zM12 17.3c-.72 0-1.3-.58-1.3-1.3 0-.72.58-1.3 1.3-1.3.72 0 1.3.58 1.3 1.3 0 .72-.58 1.3-1.3 1.3zm1-4.3h-2V7h2v6z\\"></path>
            </svg></div><span class=\\"MuiTypography-root\\">Отзывы</span>
        </a><span class=\\"MuiTouchRipple-root\\"></span></li>
    </ul>
  </nav>
</div>
<div tabindex=\\"0\\" data-test=\\"sentinelEnd\\"></div>"
`;
