// Jest Snapshot v1, https://goo.gl/fbAQLP

exports[`CarPageContainer CarPageContainer render 1`] = `
"<div class=\\"MuiGrid-root makeStyles-root-1 MuiGrid-container MuiGrid-spacing-xs-3\\">
  <div class=\\"MuiGrid-root makeStyles-header-2 MuiGrid-item MuiGrid-grid-xs-12\\">
    <h1 class=\\"MuiTypography-root makeStyles-h1-3 MuiTypography-h4 MuiTypography-colorPrimary\\">Hyundai solaris 2014</h1>
    <div class=\\"makeStyles-dateRange-4\\">
      <div class=\\"makeStyles-root-9\\">
        <div class=\\"MuiFormControl-root MuiTextField-root makeStyles-input-10\\"><label class=\\"MuiFormLabel-root MuiInputLabel-root MuiInputLabel-formControl MuiInputLabel-animated MuiInputLabel-shrink MuiFormLabel-filled\\" data-shrink=\\"true\\">From</label>
          <div class=\\"MuiInputBase-root MuiInput-root MuiInput-underline MuiInputBase-formControl MuiInput-formControl\\"><input aria-invalid=\\"false\\" name=\\"from\\" type=\\"date\\" class=\\"MuiInputBase-input MuiInput-input\\" value=\\"2020-12-10\\"></div>
        </div>
        <div class=\\"MuiFormControl-root MuiTextField-root makeStyles-input-10\\"><label class=\\"MuiFormLabel-root MuiInputLabel-root MuiInputLabel-formControl MuiInputLabel-animated MuiInputLabel-shrink MuiFormLabel-filled\\" data-shrink=\\"true\\">To</label>
          <div class=\\"MuiInputBase-root MuiInput-root MuiInput-underline MuiInputBase-formControl MuiInput-formControl\\"><input aria-invalid=\\"false\\" name=\\"to\\" type=\\"date\\" class=\\"MuiInputBase-input MuiInput-input\\" value=\\"2020-12-17\\"></div>
        </div>
      </div>
    </div>
  </div>
  <div class=\\"MuiGrid-root MuiGrid-item MuiGrid-grid-xs-12\\">
    <hr class=\\"MuiDivider-root\\">
  </div>
  <div class=\\"MuiGrid-root MuiGrid-item MuiGrid-grid-xs-12 MuiGrid-grid-sm-6\\">
    <div class=\\"MuiPaper-root makeStyles-paper-6 MuiPaper-elevation1 MuiPaper-rounded\\"><img src=\\"/images/solaris.jpg\\" alt=\\"Hyundai solaris 2014\\" class=\\"makeStyles-carImage-5\\"></div>
  </div>
  <div class=\\"MuiGrid-root MuiGrid-item MuiGrid-grid-xs-12 MuiGrid-grid-sm-6\\">
    <div class=\\"MuiPaper-root makeStyles-paper-6 MuiPaper-elevation1 MuiPaper-rounded\\">
      <dl class=\\"MuiGrid-root makeStyles-root-11 MuiGrid-container MuiGrid-spacing-xs-2\\">
        <div class=\\"MuiGrid-root makeStyles-ceil-12 MuiGrid-item MuiGrid-grid-xs-6\\">
          <dt class=\\"MuiTypography-root MuiTypography-body1\\">Модель:</dt>
        </div>
        <div class=\\"MuiGrid-root makeStyles-ceil-12 MuiGrid-item MuiGrid-grid-xs-6\\">
          <dd class=\\"MuiTypography-root MuiTypography-body1\\">Hyundai solaris 2014</dd>
        </div>
        <div class=\\"MuiGrid-root makeStyles-ceil-12 MuiGrid-item MuiGrid-grid-xs-6\\">
          <dt class=\\"MuiTypography-root MuiTypography-body1\\">Гос. Номер:</dt>
        </div>
        <div class=\\"MuiGrid-root makeStyles-ceil-12 MuiGrid-item MuiGrid-grid-xs-6\\">
          <dd class=\\"MuiTypography-root MuiTypography-body1\\">A 100 AA</dd>
        </div>
        <div class=\\"MuiGrid-root makeStyles-ceil-12 MuiGrid-item MuiGrid-grid-xs-6\\">
          <dt class=\\"MuiTypography-root MuiTypography-body1\\">Цвет:</dt>
        </div>
        <div class=\\"MuiGrid-root makeStyles-ceil-12 MuiGrid-item MuiGrid-grid-xs-6\\">
          <dd class=\\"MuiTypography-root MuiTypography-body1\\">
            <div class=\\"makeStyles-root-13\\" style=\\"width: 30px; height: 10px; background-color: rgb(255, 255, 255);\\"></div>
          </dd>
        </div>
        <div class=\\"MuiGrid-root makeStyles-ceil-12 MuiGrid-item MuiGrid-grid-xs-6\\">
          <dt class=\\"MuiTypography-root MuiTypography-body1\\">Статус:</dt>
        </div>
        <div class=\\"MuiGrid-root makeStyles-ceil-12 MuiGrid-item MuiGrid-grid-xs-6\\">
          <dd class=\\"MuiTypography-root MuiTypography-body1\\">Свободен</dd>
        </div>
      </dl>
      <div class=\\"makeStyles-map-8\\">
        <div data-testid=\\"YMaps\\">
          <div data-testid=\\"Map\\" width=\\"100%\\" height=\\"250\\">
            <div data-testid=\\"Placemark\\" geometry=\\"1,1\\" properties=\\"[object Object]\\" modules=\\"geoObject.addon.balloon\\" options=\\"[object Object]\\"></div>
          </div>
        </div>
      </div>
    </div>
  </div>
  <div class=\\"MuiGrid-root MuiGrid-item MuiGrid-grid-xs-12 MuiGrid-grid-sm-8 MuiGrid-grid-lg-9\\">
    <div class=\\"MuiPaper-root makeStyles-paper-6 MuiPaper-elevation1 MuiPaper-rounded\\">
      <div class=\\"makeStyles-root-14\\">
        <div class=\\"makeStyles-title-15\\">
          <h2 class=\\"MuiTypography-root MuiTypography-h6 MuiTypography-colorPrimary\\">Доход</h2>
          <p class=\\"MuiTypography-root makeStyles-titleDate-16 MuiTypography-body1 MuiTypography-colorTextSecondary MuiTypography-alignRight\\"><span>10.12.2020 - 16.12.2020</span></p>
        </div>
        <div data-testid=\\"ResponsiveContainer\\"></div>
      </div>
    </div>
  </div>
  <div class=\\"MuiGrid-root MuiGrid-item MuiGrid-grid-xs-12 MuiGrid-grid-sm-4 MuiGrid-grid-lg-3\\">
    <div class=\\"MuiPaper-root makeStyles-paper-6 makeStyles-summary-7 MuiPaper-elevation1 MuiPaper-rounded\\">
      <div class=\\"makeStyles-root-17\\">
        <h2 class=\\"MuiTypography-root makeStyles-title-18 MuiTypography-h6 MuiTypography-colorPrimary\\">Сводка</h2>
        <div class=\\"makeStyles-definitionList-19\\">
          <dl class=\\"MuiGrid-root makeStyles-root-11 MuiGrid-container MuiGrid-spacing-xs-2\\">
            <div class=\\"MuiGrid-root makeStyles-ceil-12 MuiGrid-item MuiGrid-grid-xs-6\\">
              <dt class=\\"MuiTypography-root MuiTypography-body1\\">Доход:</dt>
            </div>
            <div class=\\"MuiGrid-root makeStyles-ceil-12 MuiGrid-item MuiGrid-grid-xs-6\\">
              <dd class=\\"MuiTypography-root MuiTypography-body1\\">440038</dd>
            </div>
            <div class=\\"MuiGrid-root makeStyles-ceil-12 MuiGrid-item MuiGrid-grid-xs-6\\">
              <dt class=\\"MuiTypography-root MuiTypography-body1\\">Кол-во Аренд:</dt>
            </div>
            <div class=\\"MuiGrid-root makeStyles-ceil-12 MuiGrid-item MuiGrid-grid-xs-6\\">
              <dd class=\\"MuiTypography-root MuiTypography-body1\\">203</dd>
            </div>
            <div class=\\"MuiGrid-root makeStyles-ceil-12 MuiGrid-item MuiGrid-grid-xs-6\\">
              <dt class=\\"MuiTypography-root MuiTypography-body1\\">Происшествий:</dt>
            </div>
            <div class=\\"MuiGrid-root makeStyles-ceil-12 MuiGrid-item MuiGrid-grid-xs-6\\">
              <dd class=\\"MuiTypography-root MuiTypography-body1\\">3</dd>
            </div>
          </dl>
        </div>
        <div class=\\"makeStyles-bottomLink-20\\"><a class=\\"MuiTypography-root MuiLink-root MuiLink-underlineHover MuiTypography-colorPrimary\\" href=\\"/reviews\\">Отзывы</a></div>
      </div>
    </div>
  </div>
  <div class=\\"MuiGrid-root MuiGrid-item MuiGrid-grid-xs-12\\">
    <div class=\\"MuiPaper-root makeStyles-root-21 MuiPaper-elevation1 MuiPaper-rounded\\">
      <div class=\\"MuiTableContainer-root\\">
        <table class=\\"MuiTable-root makeStyles-root-21\\" aria-label=\\"car list table\\">
          <thead class=\\"MuiTableHead-root\\">
            <tr class=\\"MuiTableRow-root MuiTableRow-head\\">
              <th class=\\"MuiTableCell-root MuiTableCell-head\\" scope=\\"col\\">Дата</th>
              <th class=\\"MuiTableCell-root MuiTableCell-head MuiTableCell-alignCenter\\" scope=\\"col\\">Доход</th>
              <th class=\\"MuiTableCell-root MuiTableCell-head MuiTableCell-alignCenter\\" scope=\\"col\\">Кол-во Аренд</th>
              <th class=\\"MuiTableCell-root MuiTableCell-head MuiTableCell-alignCenter\\" scope=\\"col\\">Происшествий</th>
            </tr>
          </thead>
          <tbody class=\\"MuiTableBody-root\\">
            <tr class=\\"MuiTableRow-root\\">
              <th class=\\"MuiTableCell-root MuiTableCell-body\\" role=\\"cell\\" scope=\\"row\\">10.12.2020</th>
              <td class=\\"MuiTableCell-root MuiTableCell-body MuiTableCell-alignCenter\\">47822</td>
              <td class=\\"MuiTableCell-root MuiTableCell-body MuiTableCell-alignCenter\\">23</td>
              <td class=\\"MuiTableCell-root MuiTableCell-body MuiTableCell-alignCenter\\">0</td>
            </tr>
            <tr class=\\"MuiTableRow-root\\">
              <th class=\\"MuiTableCell-root MuiTableCell-body\\" role=\\"cell\\" scope=\\"row\\">11.12.2020</th>
              <td class=\\"MuiTableCell-root MuiTableCell-body MuiTableCell-alignCenter\\">70306</td>
              <td class=\\"MuiTableCell-root MuiTableCell-body MuiTableCell-alignCenter\\">25</td>
              <td class=\\"MuiTableCell-root MuiTableCell-body MuiTableCell-alignCenter\\">0</td>
            </tr>
            <tr class=\\"MuiTableRow-root\\">
              <th class=\\"MuiTableCell-root MuiTableCell-body\\" role=\\"cell\\" scope=\\"row\\">12.12.2020</th>
              <td class=\\"MuiTableCell-root MuiTableCell-body MuiTableCell-alignCenter\\">82181</td>
              <td class=\\"MuiTableCell-root MuiTableCell-body MuiTableCell-alignCenter\\">27</td>
              <td class=\\"MuiTableCell-root MuiTableCell-body MuiTableCell-alignCenter\\">1</td>
            </tr>
            <tr class=\\"MuiTableRow-root\\">
              <th class=\\"MuiTableCell-root MuiTableCell-body\\" role=\\"cell\\" scope=\\"row\\">13.12.2020</th>
              <td class=\\"MuiTableCell-root MuiTableCell-body MuiTableCell-alignCenter\\">46865</td>
              <td class=\\"MuiTableCell-root MuiTableCell-body MuiTableCell-alignCenter\\">29</td>
              <td class=\\"MuiTableCell-root MuiTableCell-body MuiTableCell-alignCenter\\">1</td>
            </tr>
            <tr class=\\"MuiTableRow-root\\">
              <th class=\\"MuiTableCell-root MuiTableCell-body\\" role=\\"cell\\" scope=\\"row\\">14.12.2020</th>
              <td class=\\"MuiTableCell-root MuiTableCell-body MuiTableCell-alignCenter\\">62191</td>
              <td class=\\"MuiTableCell-root MuiTableCell-body MuiTableCell-alignCenter\\">31</td>
              <td class=\\"MuiTableCell-root MuiTableCell-body MuiTableCell-alignCenter\\">0</td>
            </tr>
            <tr class=\\"MuiTableRow-root\\">
              <th class=\\"MuiTableCell-root MuiTableCell-body\\" role=\\"cell\\" scope=\\"row\\">15.12.2020</th>
              <td class=\\"MuiTableCell-root MuiTableCell-body MuiTableCell-alignCenter\\">85703</td>
              <td class=\\"MuiTableCell-root MuiTableCell-body MuiTableCell-alignCenter\\">33</td>
              <td class=\\"MuiTableCell-root MuiTableCell-body MuiTableCell-alignCenter\\">0</td>
            </tr>
            <tr class=\\"MuiTableRow-root\\">
              <th class=\\"MuiTableCell-root MuiTableCell-body\\" role=\\"cell\\" scope=\\"row\\">16.12.2020</th>
              <td class=\\"MuiTableCell-root MuiTableCell-body MuiTableCell-alignCenter\\">44970</td>
              <td class=\\"MuiTableCell-root MuiTableCell-body MuiTableCell-alignCenter\\">35</td>
              <td class=\\"MuiTableCell-root MuiTableCell-body MuiTableCell-alignCenter\\">1</td>
            </tr>
          </tbody>
        </table>
      </div>
      <div data-testid=\\"pagination\\"></div>
    </div>
  </div>
</div>"
`;
