// Jest Snapshot v1, https://goo.gl/fbAQLP

exports[`CarsPageContainer CarsPageContainer render 1`] = `
"<div class=\\"MuiGrid-root makeStyles-root-1 MuiGrid-container MuiGrid-spacing-xs-3\\">
  <div class=\\"MuiGrid-root makeStyles-header-2 MuiGrid-item MuiGrid-grid-xs-12\\">
    <h1 class=\\"MuiTypography-root MuiTypography-h4\\">Автомобили</h1>
  </div>
  <div class=\\"MuiGrid-root MuiGrid-item MuiGrid-grid-xs-12\\">
    <hr class=\\"MuiDivider-root\\">
  </div>
  <div class=\\"MuiGrid-root MuiGrid-item MuiGrid-grid-xs-12\\">
    <div class=\\"MuiPaper-root MuiTableContainer-root MuiPaper-elevation1 MuiPaper-rounded\\">
      <table class=\\"MuiTable-root makeStyles-root-3\\" aria-label=\\"car list table\\">
        <thead class=\\"MuiTableHead-root\\">
          <tr class=\\"MuiTableRow-root MuiTableRow-head\\">
            <th class=\\"MuiTableCell-root MuiTableCell-head\\" scope=\\"col\\">Гос. Номер</th>
            <th class=\\"MuiTableCell-root MuiTableCell-head MuiTableCell-alignCenter\\" scope=\\"col\\">Марка, Модель</th>
            <th class=\\"MuiTableCell-root MuiTableCell-head sortColumn MuiTableCell-alignCenter\\" scope=\\"col\\"><span class=\\"MuiButtonBase-root MuiTableSortLabel-root\\" tabindex=\\"0\\" role=\\"button\\" aria-disabled=\\"false\\">Кол-во Аренд<svg class=\\"MuiSvgIcon-root MuiTableSortLabel-icon MuiTableSortLabel-iconDirectionAsc\\" focusable=\\"false\\" viewBox=\\"0 0 24 24\\" aria-hidden=\\"true\\"><path d=\\"M20 12l-1.41-1.41L13 16.17V4h-2v12.17l-5.58-5.59L4 12l8 8 8-8z\\"></path></svg></span></th>
            <th class=\\"MuiTableCell-root MuiTableCell-head sortColumn MuiTableCell-alignCenter\\" scope=\\"col\\"><span class=\\"MuiButtonBase-root MuiTableSortLabel-root\\" tabindex=\\"0\\" role=\\"button\\" aria-disabled=\\"false\\">Доход<svg class=\\"MuiSvgIcon-root MuiTableSortLabel-icon MuiTableSortLabel-iconDirectionAsc\\" focusable=\\"false\\" viewBox=\\"0 0 24 24\\" aria-hidden=\\"true\\"><path d=\\"M20 12l-1.41-1.41L13 16.17V4h-2v12.17l-5.58-5.59L4 12l8 8 8-8z\\"></path></svg></span></th>
            <th class=\\"MuiTableCell-root MuiTableCell-head sortColumn MuiTableCell-alignCenter\\" scope=\\"col\\"><span class=\\"MuiButtonBase-root MuiTableSortLabel-root\\" tabindex=\\"0\\" role=\\"button\\" aria-disabled=\\"false\\">Происшествий<svg class=\\"MuiSvgIcon-root MuiTableSortLabel-icon MuiTableSortLabel-iconDirectionAsc\\" focusable=\\"false\\" viewBox=\\"0 0 24 24\\" aria-hidden=\\"true\\"><path d=\\"M20 12l-1.41-1.41L13 16.17V4h-2v12.17l-5.58-5.59L4 12l8 8 8-8z\\"></path></svg></span></th>
            <th class=\\"MuiTableCell-root MuiTableCell-head MuiTableCell-alignCenter\\" scope=\\"col\\">Статус</th>
          </tr>
        </thead>
        <tbody class=\\"MuiTableBody-root\\">
          <tr class=\\"MuiTableRow-root\\">
            <th class=\\"MuiTableCell-root MuiTableCell-body\\" role=\\"cell\\" scope=\\"row\\">A 100 AA</th>
            <td class=\\"MuiTableCell-root MuiTableCell-body MuiTableCell-alignCenter\\"><a class=\\"MuiTypography-root MuiLink-root MuiLink-underlineHover MuiTypography-colorPrimary\\" href=\\"/cars/1\\">Hyundai solaris 2014</a></td>
            <td class=\\"MuiTableCell-root MuiTableCell-body MuiTableCell-alignCenter\\">98</td>
            <td class=\\"MuiTableCell-root MuiTableCell-body MuiTableCell-alignCenter\\">229889</td>
            <td class=\\"MuiTableCell-root MuiTableCell-body MuiTableCell-alignCenter\\">0</td>
            <td class=\\"MuiTableCell-root MuiTableCell-body MuiTableCell-alignCenter\\">Свободен</td>
          </tr>
          <tr class=\\"MuiTableRow-root\\">
            <th class=\\"MuiTableCell-root MuiTableCell-body\\" role=\\"cell\\" scope=\\"row\\">А 101 АА</th>
            <td class=\\"MuiTableCell-root MuiTableCell-body MuiTableCell-alignCenter\\"><a class=\\"MuiTypography-root MuiLink-root MuiLink-underlineHover MuiTypography-colorPrimary\\" href=\\"/cars/2\\">Kia Rio 2014</a></td>
            <td class=\\"MuiTableCell-root MuiTableCell-body MuiTableCell-alignCenter\\">105</td>
            <td class=\\"MuiTableCell-root MuiTableCell-body MuiTableCell-alignCenter\\">210149</td>
            <td class=\\"MuiTableCell-root MuiTableCell-body MuiTableCell-alignCenter\\">3</td>
            <td class=\\"MuiTableCell-root MuiTableCell-body MuiTableCell-alignCenter\\">Занят</td>
          </tr>
        </tbody>
      </table>
    </div>
  </div>
</div>"
`;
